// Jest Snapshot v1, https://goo.gl/fbAQLP

exports[`NavLink snapshot match 1`] = `
<li
  className="item"
>
  <a
    className="link"
    href="/test-url"
    onClick={[Function]}
    title={undefined}
  />
</li>
`;
